L6V DVJ XG
L E5 B666 FVTTT&J E1 OQ
L B666J
T C666 BN DNVMV INJ B1YQYQYQ1Q L1 M1
T B666 CN NNJ
L B656 HHJ EZ
L E6 D6656 1A T&&&T&J R1
T5 F6 E56 B6 B6/CR/NS A 5BBCEO S EX LN ONT&TTTTJ DQ L1 PQ Q2
L66 B6 A B- C 1B ITJ BZ
L D6 B6666 2AB TJ
T B666 CV FOJ ER
T B666 HO IHJ CQ E5 I1 I1 M1
T C676 BNJ BVZ
T56 BOT&J C1 C1 IOVM1
T C666 BN ISJ B3N1&1 EG
T66 A B AOTJ B1 B1 F1
L E5 B666TJ AVH E1 IQ MQ F- DT5OV EHJ& OO- BT6OTJ CQ DQ EQ F1
L C666 BV IVJ DQ NQ
L E5 B666TJ A1 E1 IQ F- DT5OV EHJ& OO- FT6OTJ B1 DQ CO- FT6OTJ B1 DQ CO- FT6OTJ B1 CQ DQ
T B6566 B6/CO 4ABBC R BX HO PN GHT&&TTJ FQ JO1 P1
T D6 B656 FN LMJ C1 J1
T55 A AOTJ CVQ DVQ
T B576 BN DNN HN GHJ IR& LG
T C666 BN ISJ EXFFF B3- AT6N DNTJ D2OV9
L E5 B765 A 1B P BXTJ AQ DQ EQ F1 F1 GQ JQ J1 OQ O1
L C555 A DU IUTJ AG AG BG FG HG IG JG
T C666 BS IVJ D1Q GM2N2&2
QVY&R DIY
T C676 BN&T&J B3N1&1
T C566 DO JV MOJ BO1 HO1 L1
L6TJ AMVNNO&2G
QVYZ1R DN2G2G-L
T C666 BN ISJ ESO&1 B2- BT6NTJ A
L E5 B666TTT&J E1 FQ F1UU1 OO1
T C566 DO LVOJ BO1
L E5 B666 OV MUTJ E1 F1UU1 QQ
L E5 B666TJ A1Q CQ E1 IQ MQ QQ F- DT5OV EHJ& OO- BT6OTJ CQ DQ EQ F1
T C566 DO FO JN MV EHJ J2 LVQ
T C666 BN ISJ EG B3- AT6N DNTJ D2Q
T C666 BN INJ
T C666 BN ISJ B3N1&1
T C666 BN ISJ BY2&N1&1
T C666 BN ISJ B1Y1&N1&1
T6 G656 B7 C6 E5 D 5ABCEF A& FX MNV QO VN SU AHT&&TTTTJ
L E5 B666 OV MUTJ A1 E1 FQ
T-36-MV DOV GMV JOV MMV POV SMV VOV B&MV E&OV H&MV K&OVTJ CY1&1 FY1&1I1 LY1&1 OY1&1 RY1&1 U1 A&Y1&1 D&Y1&1 G&Y1&1 J&1 M&Y1&1
T D6 B5666 2AB S CN MN&&TTTJ Q2 SVO1 SQ
L E5 B666 OV KU MUTJ A1 BF CQ E1 FV1Q FQ G1
T D3 B556 BN EM JV MVTTT&J GO1 H1OVZ KZ L1
L E5 B666 OV MUTJ A1 CQ E1 FV1Q
L E5 B666TTT&J E1 FQ GQ OQ
L E5 B666TTT&J E1 FQ OQ
T F6 D5 C666 EM ON&&TTTJ HO1 SOVR CO1 DO1 EO1& TO1 UVO1
L E5 B666 FX OV MUTJ A1 E1 KSV1 F-& CT5VOXTJ
L E5 B666 CV OV AHTTT&J A1 E1 FV1Q FQ
T C666 BO IHJ IVO2K2&2&1 &Q &E
T C666 BN ISJ B3N1&1 &GH
L G6 D6 B666J
L B656 HHJ ENQV1
L B656 HHJ EMV1
T57 ANNNN&TJ
T C555 A AO DVOVTJ C1 G1
L D6 B666J
T B556 EN GNTT&J B1 E1 G1 KOVM1
L E5 B666TTT&J E1 FQ F1UU1 OQ
L C555 A IUTJ AG AG BG DG EG HG IG JG
L E5 B666 OV MUTJ A1 E1 FV1
L E5 B666 LUTJ A1 E1 FY1&3Y1&1 OQ
L D6 B666J C1 J1
L D6 B666J F1 G1
T C666 BN ISJ B1Y1&N1&1 &GH
T B666 DV GNTT&J E1Y1&1 LO1 MO1
L D6 B566 LU&TTTJ A1 E1 OQ FY1&- BT6MTJ CQ E1
T C666 BS EY INJ EUK1&1 MN1&1 &G &421
L E5 B666 FV OV MUTJ A1 E1
L B677 MV&T&J CO1 DO1 EO1 JMV1 NO1
L E5 B666TJ AVH E1 IQ MQ OQ F- DT5OV EHJ
L E5 B666OV MUTJ E1 F1UU1 QQ
T C666 BN ISJ B3N1&1 EG &GH
T F5 E5 B666 GO IO RV AHTTTT&J A1 BF CQ E1 FV1Q H1 H1
L C555 A DU IUTJ
L55 A CYTJ CU1 D1 D1
T F3 C555 B3 A BX GO MOTJ
L E5 B666TJ A1 DQ E1 FY1&2VM2SWQ KQ OQ
L C666 BV IVJ E1 D- DL C666 BV IVJ E1
L C666 BV IVJ DMVR& GG
L C666 BV IVJ DQ GMR D1
L C666 BV IVJ DZ EE GE
L C666 BV IVJ DZ EQ GQ
L C666 BV IVJ DQ EQ GQ
L C666 BV IVJ DQ GQ KQ NQ
L C666 BV IVJ DQ GQ
T666 1A M CVOVJ
T C666 BO EYJ EUK2&2 IR BVQ& MN2&2 &Q &G
L C6666 1A Q IVJ OE
L C6666 1A Q IVJ
L C666 BV IVJ DOR& KOR
L C666 BV IVJ DM- DL C666 BV IVJ
L C666 BV IVJ DZ E1
L C666 BV IVJ DNW
L C666 BV IVJ DNW KNW
L C666 BV IVJ DG NG
L C666 BV IVJ DG
L C666 BV IVJ DZ
L C666 BV IVJ DG KG
T C566 DO FO EHT&TJ JVO3 KVO3 L1
T G5 D6 B666 CV HO MO POT&TT&J IY1&U1 SO1 TO1
L B666 HVVJ
T F6 D5 C666 EM ON&&TTTJ HO1 SOVR CO1 EO1 DOVO2& TO1 UVO1
L C666 BV IVJ E2
T C666 BKJ B1 EZ MZ &Q &G
T B656 HMJ DMR DQ
T B656 HMJ
T C666 BNJ IZ
T C666 BO IVJ
T66 CMT&J
ZVMR D-AS-SR BOVH& SR BOVH
OCNR BO1 DR CO1 DNCO
OCNR B1 DR C1 DNCO
T C666 BN ISJ E1 FZ LN1&1 &G
T C666 BM ISJ EG
T C666 BM IHJ
T C666 BM ISJ
L55 A CUTJ FCN
L6V DVJ X1
L6V DVJ XR X1
T66 A BN DN FN HNTJ DNO HNO
OCNR D1R DNCO
L55 A CUTJ AG AG BG CG DG EG FVQ GVQ
L6 G666 R6 B6 V6 E&6 U6 4ABVW K& MV K&VJ
L C666 BV IVJ DZ EE GQ
L C666 BV IVJ DZ GQ
L C666 BV IVJ DMVR& KG
L C666 BV IVJ DZ KG
L C666 BV IVJ DQ KQ
L C666 BV IVJ EZ
L C666J
L C666 BV IVJ DNW KG
L C666 BV IVJ DZ NZ
L C666 BV IVJ DQ
L C666 BV IVJ DZ KZ
T C6665 1A P IV OMNJ
L B656 HVJ CNW ENW KNW
L C666 BV IVJ ESWQ &-NA-
L C666 BV IVJ EZ LZ
T B656 HNJ DZ H2
1Y1&U3Y1&WOV1
L D6666 B6 2AB TJ
T D6 C6 B566 MMJ
L566 B6 2AB O DHJ
L C65 K666 1A TJ
L C6566 1A PJ
L F6 E6 B666J
T J6 D6 C666 BN QNJ
L E6 B666J
L E6 D6 B666J
T E6 D6 B666 NNJ
T D6 B666 ONJ
T D6 B666 CNJ
T D6 B566 CMJ
T E6 D6 B566 CMJ
T C676 BO INJ
T C666 BNJ
T C666 BO ISJ
L E5 B666 OV KU MUTJ A1 E1 FV1 FOV1 LG
L B656 HHJ EMV1 KMV1
T C666 BN INJ BO
L D6 B666J L1
L B656 HVJ EMVXFFF
L B656 HHJ EMV1 KF
L6V DVJ XR
L B656 HHJ EMVXFFF
L F3 E6 D665 IV JU LUTJ A1 E1 RV1 RQ
L E5 B666 MUTJ E1 FQ F2U1
L66 BUT&J
T B6566 B6/CO 4ABBC R BX HO PN EU GHT&&TTJ FOV1 JO1 P1
L D6 B566 CV FX DU LUTJ A1 E1 OQ F-& CT56 BOX FMTJ D1 H1
T C666 BNJ EZ F1 IR& L1 MZ
T C666 BNJ EZ IR DZ
L C666 BV IVJ DQ E1Q FQ
T D6 B666 KN&TT&J GO1 HO1 PO1 QO1 RQ
L C666J BQ DQ NQ
T C566 DO LVOTJ BO2UY1&1
L B666J EY K1
T C566 DO FO KN EH&&TJ K1 J- ET B565 CVO JO LO EH KHJ
L B656 HVJ
T C676 BM&T&J
ONR&UNR
L56T&J
L55 A CUTJ
E CN
T66 A B AO BO DUTJ CY F
L B666 EU GUTJ A1 EY1&1 KVQ K1
L E5 B666 FVTT&&J E1 OQ
T C666 BN ISJ BVO2O2N1&1 &GH
T C666 BN ISJ B2- AT5NTJ
L B656 HHJ EZ KZ
L66&TJ GQ
L66 BVT&J
L66&TJ HQ
ZVMIR
T C666 BS IVJ D1 GM2N2&2 &GH
L B656 HHJ HVO2N2&2 &GH
L B656 HHJ HVO- AT66 A B CNTJ &GH
L C676 BY&T&J BU3N1&1 &GH
T C666 BN FV IOJ BO LQ
L66J BNCS
T C666 BN INJ E1 FZ LN1&1 &GH
T C666 BNJ GZ
OCNR B1 ENCO
L E5 B666 OV KU MUTJ A1 E1 FV1 FOV1 L1
L E5 B666 OV LUTJ A1 E1 FY1&3Y1&1
1Y1&NNO&&Y1&1
T B666 HKJ EZ H2 IR& LZ &Q &G
L566 1A LT&&J HNW
L B656 HHJ ENW
L C666J DZ
T C666 BNJ I1
L C666J EZ
ZMR XVQ
QZO2G
L B656 HHJ ENV1&V1
L C6 B666J I1
L B656 HHJ DE EZ FE LE
L C666J B1
L C666J B1 I1
OCN6NCO
T66 A B AO EOPOTJ C2
T556/FJ 2AE J BVOV IUTJ
NCYCN&UYZ&1CN
T66 A B AO EOPOTJ C2 FS
T B656 HM&&TJ
L C676 BYJ BU- DT6N DYTJ A1 &GH
1Y1&1NNO&1Y1&1
L C676 BYJ BUNQ
T C666 BK INJ B1 D1 F1 &Q &G
L6TJ ANCS
T67 A B HNTJ HV1G
L55 A CVTJ B1 D1 D1
L C676&T&J BG
L C676&T&J BQ
T C666 BN ISJ B1- CT5NTJ A1 &GH
T66 A B AO EOPOTJ C1
L56T&J GQ
GYG&VM8MVYG&G
T666 1A M CVNVJ DOPO&O2&O2
SUYSHN2&2 &K2&2
L666 B6 2AB PJ GZ
L56T&J F1 H1
L C666 BV IVJ DZ EZ
T67 GMV JM&TJ CG KR
T C666 BNJ EZ IZ LO2
L B656 HHJ DQ EMV1
L B656 HHJ CG DG EMVO2 FG KG
L B656 HHJ HE
T C676 IN BHJ J- AT6N DNTJ D1
L B656 HVJ CQ
T B666 HOVJ
T C666 BN ISJ B3N1&1 EG LQ
T66 CNT&J B2R DG& C1 HO1 IO1
L C676&T&J BO- GT56 A ANTJ A1
L66&TJ BZ
L C676 BVJ
L C666 BV IVJ DZ EO1 GQ
L D6 B666J F1
L D6 B666J G1
L C6 B666J F1
L D6 B666J H1
L C6 B666J J1
T D6 B666 CN JOJ GN2&2 MZ &G &15/28
L D6 B666J C1
T C666 BO EYJ EUN1 MM1 &GH
L C666 BV IVJ DM1 GM1
L C666 BV IVJ DZ GZ KZ NZ
L C666 BV IVJ DM2Q GM1
L D6 B666J Q1
L B656 HHJ ENQV1 KF
L D6 B666J J1
GR XG XG XMV1
T C555 A DVNV IUTJ AG AG BG E-HG-2 HG IG JG
T C555 A DVMV IUTJ AG AG BG HG IG JG
L C6 B666J E1
L E6 B666J MZ
L B677 MV&T&J CO1 DO1 EO1 JZ NS1
L B656 HHJ EMV1 FQ
L B656 HHJ CF KMV1
L B656 HHJ CF EMV1
L B656 HHJ DF EMV1
L B656 HHJ DF KMV1
L B656 HHJ EMV1 JF
L B656 HHJ EMV1 FF
T56 A AKTJ A1 A1 GOVYR&1Q &E
L C666 BV IVJ DZ EQ GZ
T C666 BN ISJ EXFFF B3- AT6N DNTJ D2OV1
T6MTJ X1CN
L55 A CUTJ F1U1
L B656 HVJ EMV1
SCNR CNCS
QV1N1VQ1YQ1&N1VQ1V1Q
L C666 BV IVJ DQ GQ KM2Q NM2Q
T C666 BO IOJ DG EG FG GG KG LG MG NG
L E6 D6656 1A TJ R1
T C666 BV DS GS IVJ ECN FCN
L E6 B666J Q1
T C666 BNJ EO1 IZ
L B677 MV&T&J CO1 DO1 EO1 JZ NQ
T66 BO DNT&J D1 J1
T C666 BNJ EG IZ LO1
T C666 A KN&TTJ A1 B1 EQ K1- AL3TJ
T B656 HOJ DZ
L E6 B666J C1
WNR D-I-R &E &7/12
T B656 HOJ EZ
L B666J EMV1
L B666J DMV1
L B666J HMV1
QVYZ3MYZUM&QVYZ2VQ
L B656 HHJ H2VQ H2VQ
L B656 HHJ H2CN H2CN
L C666 BV IVJ DQ ER DO1& GZ KQ NZ
T B666 HOVJ DMV1
T56 A AO COVTJ
L B656 HHJ ENW KNW
NC1R XO1R
1Y1&2K2Y1&1&2Y1&1&2Y1&1&I
GYG&UYR D1&R D1
T B658 HN&&TJ H3N1&1
T C658 BN&&TJ B3N1&1
L56 BVT&J CQ DQ DQ C- CL56 BVT&J CQ DQ DQ
T C666 BN DN ISJ BVO2O2- AT6NTJ &GH
L B656 HHJ ENV1&OV1
L D6 B666J E1
L C676 BHJ B3N1&1 &GH
T C666 BNJ FNW IM3N1&1
T C666 BN DNVMV INJ B2OV1 L1 M1
NCR X1V1UNO2
L C666 BV IVJ DO1 KO1
T C666 BN GNJ FO1 IG MG
T66 CNT&J C1UYCN&CN
T C575 DYVO MV KUTJ A1 BQ DU1 I1
T D6 B656 CN JN LVJ
L B656 HHJ EMVH
T56 COT&J B3M1 BR& D1 D1 &GH
T6NTJ ASWR DNCS
L B666J DVQ
T C6 B676 KN MVN&TT&J N1 RG
L D6 B6666 2AB T EUT&&&&J H1
ZR G2-O
L55 A CUTJ FVO2
L C666 BV IVJ DQ EV5 FQ LQ NQ
L C666J B1G I1G
L C676 BHJ BVZ
L C666 BY IHJ BU3N1&1 I1 I1 &GH
CR BR BG
T G6 D6 C665 EK SO UO THJ E1 IO1 JO1 &G
L B656 HHJ EN1&1
L C666 BV IVJ DSR
T C666 BNJ IMR DN1&1
T B566 BNV EVN HN DHJ D3 GN1&1 L1
T C666 BN ISJ B1Y1&1N1&1 ES1 &GH
T C666 BO EVJ DE FE IR BVQ& LE MQ NE
1U2NNO&2U1
L B656 HHJ EO1 KMV1
L E5 B666 OV MUTJ A1 E1 FQ F1 K1
T B656 HMJ C1 D1UN1YO2&O2 F1
T56 BMT&J HNW
T C666 BNJ IM10M- IT C666 BNJ
L E5 B666 OV KU MUTJ A1 BF CQ E1 FV1Q FQ GQ
T B656 HO DU KUTJ GVH
L E5 B666 OV MUTJ A1 BF CQ E1 FV1Q FQ
L E5 B666TJ A1 E1 FV1 OQ
L C666 BV IVJ DNW EVQ
L C666 BV IVJ DE GM1
L C666 BV IVJ SZ GQ KQ NZ
L C666 BV IVJ DZ GZ
L666 B6 2AB PJ
L C666 BV IVJ DNW E1
T6 H66-10-/GT 2AF N OOV SVO&&TTJ
T C666 BN ISJ B1Y1&K1&1&1 &I
L66 BVT&J INW
T G6 D6 C665 EK SO UO THJ E1 IO1 JO1 &WSO&O1
L B656 HVJ ENW
T B656 ES HNT&&J F2N1&1 F1 H2 &GH
T66 BMVT&J GO1YQ1MX1&1&1 &GH
L B656 HHJ EMV1 HQ
T C666 BNJ IM4M- IT C666 BNJ
T C666 BNJ IM12M- IT C666 BNJ
T56 BNONJ FNW XO I- AT6N DNTJ D2Q
L D6 B666J HCN J
T C666 BNJ DO1 IQ
L C6566 1A PJ KG LMV1
T B656 HM&&TJ ECN F1
T56 BNT&J BVH HNW
T56 CNT&J C2N2&2
T E6 B666 FO HN OO QNT&&TJ H1YG1 Q1YG1
L66J BNCS GNCS
L C6666 1A Q IVJ M- ML C6666 1A Q IVJ
OCNR B1 D1R C1 DNCO
T I6 G6 F6 D5 C666 BV EM HV OV XVJ QMVR& VMVR
T B656 HNJ DZ H2 &GH
T C666 BNJ EN1&1 MN1&1
T66 B6 A B- C 1B I ASWN DNSWN HNTJ
L66 B6 A B- C 1B ITJ BZ &GH
T C666 BS IHJ I1- CT6NTJ A1 &GH
T B656 EN HMJ
T C676 BN&T&J B3M1 &GH
T C666 BN ISJ EO1 B2- BT6NTJ A1
T C666 BK INJ BR& EZ MZ &G
T C666 BK INJ BR& EZ MZ &G &9/26
T C666 BN ISJ B3N1&1 EXFFF
T77 B7/B-J/EK A B- C D 1B K BN EN GN JNJ
L E5 B666 OV MUTJ E2 FQ F2
T67 GNV KS&TJ G2N1&1 JR &GH
L C666 BV IVJ DMVR& GZ
L C6666 1A Q IVJ FE OE
L C666 BV IVJ EMV1 FG
T C666 BN INJ E1 FZ LQ
L C666 BV IVJ DZ GQ KZ NQ
T G6 E6 C666 DN ONJ
L D6 B666J H1 L1
T56 A AMTJ GQ
T C666 BS EY INJ EUN1 MN1&1 &GH
T C666 BN ISJ FN1&1 LM1 &G &12/26
Q2MVNNO&2G
L D6 B666J C1 J1 MF
T C666 BO ISJ IO
L D6 B666J MQ
T C666 BN ISJ B3N1&1 EG IO
T C666 BN ISJ B3N1&1 ES1
T C666 BN ISJ B3N2&2 EG &GH
T6OBOTJ BR D1& E3 E1
T E5 C665 FVO NO PO OHTT&&J DR CO1 DO1 EO1& JQ
T C666 BN ISJ BYUS&S2N2&2
T C666 BO EV INJ DVO1 FZ NVO1
L C666 BV IVJ DQ EO1 FQ GQ KQ M1
T C666 BS IVJ DO1 GM2N2&2
T B666 CN NNJ EVQ FQ HO1
T C666 DVN GNJ EZ
T C666 BO IHJ IQ
T C666 BO IVJ EG D1- AT6N DOTJ
ZVR BQ XE
T C555 A AO DVOVTJ IE JE
OS1&1&1 &Q &I
L D6 B666J GF J1
L B666J DZ
T C676 BK&T&J BO B3N1&1
L566 1A L CV DHJ
T C666 BN ISJ FN1&1 GNW LN1&1 &Q &G
Z2OSS&O&O&O
1VO-I-R &OV1 &5/10
L B666J EZ
T C676 BN&T&J B3- AT6N DNTJ D2Q
T C666 BN ISJ B3N1&1 EG GG
T C666 BN ISJ ESWN1&1 B3- AT6N DNTJ DSW1
L B656 HHJ EMV1 KG
T6NMV FUTJ F1
L55 A CUTJ FVQ
L C655 A DV GV EU JUTJ
T66 BN DN IU CH&TJ CQ D1 EZ
T C666 BN ISJ B2N1&1
L C676&T&J BZ
T56 ANNNN&TJ
L D6 B666J JCN
L D6 B666J JVH
1R COPS&SHOR C1
L6TJ AMVNNO&2F
T66 BNJ B2U1 C1 &E &6/18
Z2OBO2Z&O2Z
L46 A EUTJ A1 A1 CSH E1
L E5 B666TJ A1 E1 FY1&3Y1&1 LQ MQ OQ
T6N CNJ B1 DZ E1MVNNO&2G
L55 A CUTJ FXQR&2- AT6NTJ &GH
L E5 B666 OVTJ A1 E1 FV1
L E5 B666 LU NUTJ A1 E1 FY1&3Y1&1
L D6 B666J J1 MF
T C555 A AO DVOVTJ
T C666 BN IHJ B3N1&1 I1 I1
T9OJ BFF CFF DFF EFF FFF GFF HFF IFF
T C566 BN HNT&&J DVO2 FVO2
T C555 A DVNV IUTJ E2N2&2
L D6 B666J J1G
L E6 D6656 1A T&&&T&J R2
L6V DVJ XR DO2
T56 BOBOJ CR
L C555 A IVTJ
T66 BSWM EM GN INT&J HS1 JZ
T66 BN ENT&J BV1U1 EV1U1 H1 I1
T C555 A DVNV IUTJ EN1&1
T56 A BN ENTJ AR DO2 CO1
T56 A BN ENTJ AR CO1 DO1 EO1
T666 1A M AN CN GN KNTJ CVMR BG& GVMR BG& KVMR BG
L6V DYJ BX1&1&1 FX1&1&1 DU1R DO CX1&1&1 EX1&1&1 &31/31
T56 A BN ENTJ A- DT6NJ
T C666 DO FN KO MNT&TJ F1 M1
T C666 BP ISJ BQ BO E1 M1
T B666 DN FO KO MNT&TJ D1R& M1R
T E5 B666 FO HO GHJ QVQ
L B656 HHJ ENW KMVM3
T C666 BVNN INJ EG
L D6 B666J C1 J1 OF
T6OTJ DMVNNO&1
L55 A CUTJ F1Q F1
T666 1A M BNM GM KMTJ
L56 BVT&J DR
L55 A CVTJ D1- AT6N DOTJ
T66 A ASTJ CG GG
T C6656 1A P GN LM CUTT&&J G1 EVM- DT B565 CO EVN HVNTJ BQ DY1&1 G1Y1&1
T F6 D5 C666 EM ON&&TTTJ HO1 TO1 UVO1 SO- BT6OTJ
T56 A ANTJ A1 FOVXQR&- AL5TJ
T C666 BNJ IM3M4M3M- IT C666 BNJ
T56 BNONJ FNW XO I- AT6N DNTJ DVH
L C666 BV IVJ DQ EV5 FQ LO1 NQ
T C666 BN ISJ EG B2- BT6NTJ A1
T C555 A EN IUTJ E2N2&2
T C555 A DVNV IUTJ E3- BT6N DOTJ
T C666 BO EV INJ D1 N1 GVM- OT5-16- AN FVN IVN LVO PVM SVTJ G1 J1 KY1&1 N1 RY1&1& KVM- OT5-16- AN FVN IVN LVO PVM SVTJ G1 J1 KY1&1 N1 RY1&1
T C666 BO EV INJ D1 FG N1 GVM- OT5-16- AN FVN IVN LVO PVM SVTJ G1 J1 KY1&1 N1 RY1&1& KVM- OT5-16- AN FVN IVN LVO PVM SVTJ G1 J1 KY1&1 N1 RY1&1
T C566 DO LVOJ B1 E1 F1O1 J1
ONN2GVM4MVNNO&2G
L D6 B666J J1 QF
T5 G6 F66 B5 A 1B S BX DO JV KUTJ CQ G1 SV1OV1
L E5 B666TJ A1 E1 FV1 FQ OQ
L E5 B666TJ A1 E1 FV1 LQ OQ
L E5 B666TJ A1 CQ E1 FV1 OQ
L E5 B666TJ A1 DQ E1 FY1&2VQ OQ
T C666 BO EY INJ EUK1&1 MN1&1 &G
T C666 BN ISJ B1- CT6NTJ A1 &GH
T C665 A AX EV IO FUTJ B1 C1Q DQ F1 KOV1 LOV1U2 A-& BT3OX CHJ
T C566 DO LVOJ B1 E1 F1Q J1
T C676 BN&T&J B1Y1&1N1&1 &GH
T C555 A DVNV IUTJ AG AG BG E-HG-R& HG IG JG
L E6 C666 BV MVT&&&J DQ HQ H2 IVQ OQ RQ FO- FT6OTJ B1 DN1&1 CO- FT6OTJ B1 DQ CO- FT6O CVTJ B1
L E6 C666 BV IVT&&&J DQ HV1 HQ KQ RO1 FO- FT6OTJ B1 CQ DM1VZ &GH
L B677 MV&T&J CO1 DO1 EO1 JZ NO1
L B666 EV GUTJ A1 EY1&1 KVO1 K1
T55-11- 1A P EN IOV NVO BUTJ K1 LQ L1 M1
T F5 C6 B655 DOV GV OO QO RUT&&TTJ LO1
T C66 K66 A BN JN&T&TJ F1 N1
T E6 C5 B766/NS A 2BO S DM NN&&TTTJ HO1 P2 &GH
OS1&1&1 &G &2/10
T66 AN EN EUT&J CQ &GH
L56T&J CQ B- AT6N DOTJ &GH
T66 BKJ B2 C1 E1 HO2 &I &6/23
T B666 DN FNJ C1 EMYM&Z &GH
4P4&4&1R &G &2/11
RBR&R&R &OS1&1&1 &11/2
L55 A CUTJ AG AG BG CG DG EG FVO2 GVO2
T6OV DKTJ D2 D2 &G &7/18
T6OJ B1 DS1 F1 &I &3/17
T B666 GKJ &E
18S2&1 &I &3/9
L E5 B666TJ A1 E1 FYQ1 OQ
L C555 A AV DVTJ BG CG EG FG GG HG IG JG
L B677 MV&T&J CO1 DO1 EO1 JM1 NO1
L C666 BV IVJ EE
T B566 COV LV IHTT&J E1 I1 M1
SUYSHN1&1 &1M1
L E5 B666 MUTJ A1 E1 IQ F- ET6OVJ& O- BT6OTJ CQ DQ EQ F1
L E5 B666TJ AVH E1 IQ MQ F- DT5OV EHJ& OO- FT6OTJ B1 CQ DO1
L E5 B666TTT&J E1 FQ OOVR
L E5 B666 CV OV MUTJ A1 E1 FV1Q FQ
L E5 B666 FV JUTTT&J E1 OQ
L E5 B666 OV MUTJ A1 BF CQ E1 FV1OV1 FQ
T66 BN DM IU CH&TJ CQ EMV1
T C6 B5665 2AB S BX IN QN JH&&TTTJ GO1 IV1 M2
L E5 B666 OV MUTJ E1 FOV6 F1UU1
T C66 K66 A HN PNTJ &WSQQ
L55 A CVTJ A1 A1 B1
L E5 B765 A 1B P BXTJ AOV1 DQ EQ F1 F1 GQ JQ J1 OQ O1
L B677 MV&T&J CO1 DO1 EO1 JMV1 NQ
L E5 B666 MUTJ E1 FQ F2U1
T E5 C665 FVO NO PO OHTT&&J DR CO1 DO1 EO1& JO- BT6OTJ CQ DQ EQ F1Q
T D3 B556 BN EN JV MVTTT&J E1 GO1 H1OVZ KZ L1
T D5 B6 K666 DNJ MO1 NO1 RO1 SO1
L E5 B666 OV MUTJ A1 CQ E1 FV1 L1
QX1&1&3Y2Q&1
T F6 D5 C666 EM ON SO TU&&TTTJ R1 UVO1
T66 BMT&J INW &WSQQ
L B656 HVJ CMV1 EG KG
T56 BMT&J GV1
T H6 F5 E5 B666 MN SUTJ A1 E1 GQ G1 K1 VQ
L E5 B666 OV MUTJ A1 CQ E1 FV1OV1
L E5 B666TJ AVH E1 IQ MQ OQ F- CT5O CUTJ EQ
L E5 B666TJ A1 E1 GOV1 IQ OQ F- ET6OVJ
T E6 B6653 1A R AX RO QHTTTT&J GQ J1 N1 O- ET6OVJ
T B656 EN HHT&&J E1 HR &OVYQYQVO
T C565 DO FO LM EHJ
L E5 B666TJ AVH E1 IQ MQ OOV1 F- DT5OV EHJ
L E5 B666 LUTJ A1 E1 FY1&3Y1&1 OOVO1
L E5 B666TJ A1 E1 GQ IQ F- DT5OV EHJ& OO- FT6OTJ B1 DQ CO- FT6OTJ B1 DQ CO- FT6OTJ B1 CQ DQ
T C566 DO FO KN EH&&TJ HO1 K1 J- DT56 BVO DHJ HO1 IO1
L E5 B666TJ A1 E1 FV1 OQ
T3 F5 E666 1A R AXO OV PU CH&TTTTJ J1 N1 RQ IY1&- FT6OV CUTJ C1Q D1
T C565 DO FO LN EHJ L2- AT6N DNTJ DR BO1 &QVYQYQVQ
T66 A B AN DXTJ A1 D-& CT6VOX DHJ E1
T55 AN&TJ D1Q FQ
T B6566 B6/CO 4ABBC R BX HO PN GHT&&TTJ FQ JO1 P1 &OVYQYQVO
T B6566 B6/CO 4ABBC R BX HO PN GHT&&TTJ FQ JQ P1
T C6656 1A P GN LM IHT&&&J G1 EVM- DT B565 CO EVN HVNTJ BQ D1 G1Y1&1
L E5 B666 OV AHTTT&J A1 CQ E1 FV1OV3R DN2G2G& FQ
T B6566 B6/CO 4ABBC R BX HO PN DU GHT&&TTJ FO1 JQ P1
L E5 D6653 1A Q AXTJ BO1 HY1&3Y1&1 I1 M1
T F6 D5 C666 EM ON&&TTTJ JO1 SOVR CO1 DO1 EO1& TO1 UVO1
2R C2 BNCNR B2 F2
L566 1A LT&&J GNW
T B656 HSJ EV1
L E5 B666 JU LUTJ A1 E1 FY1&3Y1&1 OOV1
T56 BNONJ FNW XO I- AT6N DNTJ DVO2
T56 BNONJ FNW IN2Q2Q XO
L E5 B666 MUTJ A1 E1 IQ OQ F- ET6OVJ
L E6 C666 BV MVT&&&J DQ HQ H2 IVO1 OQ RQ FO- FT6OTJ B1 CQ DN1&1
T C6 B566 LO&TT&J EQ FQ JQ NQ OQ
T D6 B666 KN&TT&J C1 GO1 HO1 PO1 QO1
L C666 BV IVJ EZ FG
L566 1A LT&&J HNW JNW
T B6566 B6/CO 4ABBC R BX HO PN GHT&&TTJ FO2 JQ P1
T H6 E6 D6 B556 ANTJ JQ M1 Q1 S1 W1
T J6 H6 E6 D5665/TC& 3ATU C& ON TX C&OTJ CQ EQ FQ GQ IQ I1 M1 U1 A&Q B&Q
L50J 0-CO-- 0L50J
L50J 0-TI-GG- 0L50J
L50J 0-ZR-GG- 0L50J
V2
T C665 A AX EV IO FUTJ B1 C1Q DQ F1 KQ LOV1U2 A-& BT3OX CHJ
T D3 C575 A EO GX KOVTJ AY1&U1 CQ H1 G-& BT3OTJ
L E5 B666TJ A1Q CQ E1 IQ MQ QQ F- DT5OV EHJ& OO- BT6OTJ CQ DQ EQ F1
L C676 BY&T&J BU3M1 &GH
T C66665/BQ 3AAB S AX KOV RO FUTJ C1 DQ EQ G1 MOVXQ2&1 O1 PQ QQ
QV1U1VQ-C
QV1U1VQ-T
QV8U9-C
T B6566 B6/CO 4ABBC R BX FV HO PN GHT&&TTJ JQ P1 &GH
T C666 BN ISJ B3N1&1 E1 &GH
L E5 B666TJ A1 E1 FV1 LQ OQ
QV8U9-T
G1U1G-T
G1U1G-Z
T B556 BN DNN GSJ CSH
T C666 BS IYJ FSWN1&1 IU3- AT6N DNTJ D1
T C666 BS IYJ FSWN1&1 IU3- AT6N DNTJ D1
T C666 A GVN LM&TTJ
T66 BNT&J B1UYCN&VO2
T66 BKJ B1 C1 &I &6/16
T C566 DO FO KM EH&&TJ &GH
T C555 A AY DVMV IUTJ AUYR&- BT6NJ& IXQR&- BT6NJ
4P4&4&2U1 &E &2/12
RO3PR&R&R &E &4/12
GR CG D1PR D1&R D1&R D1 &I &9/26
T66 A B CNTJ AOSWR D1 &GH
T66 BKJ B2 &I-I-I &6/13
L B666&&TJ NOV1 L- CT66 CNT&J &GH
T56 A AN GVTJ A1 &EH
L C666 BVIVJ DQ GNW KNW NQ
L E5 B666TJ A1 E1 F- DT5OV CUTJ IQ OQ
L C666 BV IVJ DZ GZ KNW
4OV1U1VO4-C
4OV1U1VO4-T
T E6 C6 B655 DO KV PO RO SU&&&TTJ IQ MO1
T55-12- 1A Q EN IOVY OVO BUTJ KU2 M1 NQ N1
T B656 DM HM CHJ F1 KO1
T C676 IO&T&J B3N1&1 &GH
T B656 EN HMJ F
T B6566 B6/CO 4ABBC R BX FV HO PN GHT&&TTJ JO1 P1
T B6566 B6/CO 4ABBC R BX FV HO PN GHT&&TTJ JQ P1
T B6566 B6/CO 4ABBC R BX FV HO PN GHT&&TTJ CQ JO1 P1
T B66 K666 2AB T HVO SVOJ F1 QQ LO- BT6OTJ DQ EQ F1 CO- BT6OTJ CQ DO1 EQ F1
T-28-OV PU TU VU A&UTJ CYQ5 DQ FQ HQ JQ LQ MQ OQ P1 C&Q D&1
T D6 I6 I-6 R6-18-66 D- D-- I-- R- 2AI- H& CO JK QO B&K&T&&TT&J J1 J1 OO1 SO1 B&1 B&1 G&O1 H&O
T C6656 1A P GN LM CUTT&&J G1 EVM- DT B565 CO EVN HVNTJ BQ D1 G1R &OVYQYQVO
T3-17- BO GOV PV QUTJ EOV1 JOVY2&1 KO1 M1VH O1 NO- BT6OTJ CQ DN2&2 F1 EO- BT6OTJ DQ D1 EQ F1
L C666 DVT&&J BQ FYO1&VYQYQ1 M1 NQ LO- BT6OTJ DOV1 F1 EO- BT6OTJ DQ EO1F1&& EO- BT6OTJ EQ F1
T56 BMVYT&J DUNQ
T55-12- 1A Q EN IOVY OVO BUTJ KU2 M1 NQ N1Q
L C666 BV IVJ DZ GM- DL C666 BV IVJ GZ
L6 G666 R6 B6 V6 E&6 U6 4ABVW K& MV K&VJ DQ B&Q
L C666 BV IVJ DMVR& GM- DL C666 BV IVJ KMVR
T B6566 B6/CO 4ABBC R BX HO PN DU GHT&&TTJ FQ JO1 P1
L C666 BV IVJ DM- DL C666 BV IVJ GM- DL C666 BV IVJ
T-28-OV RU TU VU A&U C&UTJ CYQ5 DQ FQ HQ JQ LQ NQ OQ PQ R1 E&Q F&1
T56 BS FY&TJ FUNQ
WNNUYZNNO&2R
L C666 BV IVJ DMVR& GM- DL C666 BV IVJ GMVR
ON1&UN1OV1
T55-12- 1A Q EK IOVY OVO BUTJ DQ E1 KU2 M1 NQ N1
9U8VO1-C
T C666 BN DMVMV INJ
T566 1A L CO FVJ GQ HY1&1 K1 L- LT566 1A L CO FVJ GQ HY1&1 K1
V1 WQ A&1 E&1 E1UN- AT6N DNTJ D1
T66 BVO GO JV&TJ D1U2 H1 IQ
O1 A&1
T-24-5 B6 C6 A D E 2BC G& AV GMV WO B&O IU KU UU A&HT&&&J DO1VN2&2 I1 M1 NQ O1 PQ Q1 ROV1 S1 T
L C676&T&J BO- DT6NTJ A1
T C576 BVN EY IMTT&J EU2 HO1 LQ MO1
9U8VO2O1-C
T6-36- A AO RVO A&U C&U E&U G&U I&U K&U M&UTJ CVQ DQ FQ HQ JQ KQ NQ PQ T1 U1 VQ W1 O&O- BT6OTJ
T C666 BN ISJ B3N1&1 EV1 &OV1U1VO
L55 A CYTJ A1 A1 B1 CUNQ
L56 BYJ B1UR DN1&NO
1M1 &BHHH
T56 BN GYVT&J BY1&1 DQ GUNMVZ
T B566 CK ESJ C1 D1U1R DN1&1 &I
T66 B6 A B- C 1B I BK DN FN HNTJ B2U1G &Q &G
1R DSWNUSR&1R
T66 CMT&J HO1 IO1 &GH
T C6 B65-24- A D E 2BC G& AV DV GV LO NO F&VM OU B&U D&U MHT&&TJ IQ J1 M1 QO1 R1 SOV1 T1 UQ V1
T C666 BS IYJ FG IU3N2&2 &GH
T C666 BN ISJ B3N1&1 EO1 &OV1U1VO
T D6 B666 KN&TT&J GO1 HO1 PO1 QO1 &GH
L C676 BHJ B3M1 &GH
WS1&O &-AG- &9/5
T C6 B65-24- A D E 2BC G& AV LO NO F&VM DU OU B&U D&U MHT&TTJ DO1VQ GQ IQ J1 M1 QO1 R1 SOV1 T1
T50J BNW E1UNNVZ2Q
WNNNO&YUM&M1R
L66 BOVT&J D2N2&2 E1 IO1VO2 &GH
T B6566 B6/CO 4ABBC R BX HO PN DU GHT&&TTJ FOV1 JOV1 P1 &GH
T C676 IS&T&J B3N1&1 &GH
T J6 H6 E6 D5665/TC& 3ATU C& ON TX C&OTJ EQ GQ HQ IQ I1 M1 RQ U1 A&OVR CO1 DO1& B&Q
L C676&T&J B1Y1&1N1&1 &GH
T67 GN JN JU&TJ CG G1 KR &GH
T6 G666/FQ 2AF Q FX ONT&TTJ IQ O1 &EH
T C666 BN ISJ ES2 B3- AT6N DNTJ D1 &OV1U1VO
T56 A ANTJ A1 FVO1 GOVR &GH
OV2R BI DI FI CNU1N1&1 &-NA- &25/1
T66 A B CNTJ AZ &GH &GH
SUYSHO2 &-NA-
L6V DYJ DUNR DO &-NA- &19/15
T C666 BN ISJ EV2 B3- AT6N DNTJ D2Q &OV1U1VO
T C666 BNT&&J MG I- CT6M DOTJ &GH
T C666 BNT&&J NG I- CT6M DOTJ &GH
L B666J EYQ1N2&2 &GH
T C666 BNT&&J IM3N2&2 LG &GH &GH
T C666 BNJ EG IMY3N2G2G LO1 &GH &GH
T C666 BN ISJ EXFFF B4VO2- DT6M DNTJ
L B656 HHJ HN2&2G &GH
T C666 BS IHJ FG I3- AT6N DNTJ A3Q &GH &GH
T66 BO EOT&J C1- AT6N DOTJ &GH
T C666 BO DO GV IOTJ E1 HQ KM1 LQ MM1 NQ &GH
L C676&T&J BCN B3N1&1 &GH
T68 GN&TJ G1Y1&1M1 &GH
T F6 D5 C666 EM ON&&TTTJ HO1 SO1 TO1 UVO1 &GH
L E6 C666 BV MVT&&&J DQ GV1 GQ KQ OO1 IO- FT6OTJ B1 CQ DM1VN1&1 &GH
L E6 C666 BV MVT&&&J DQ GV1 GQ KQ OO1 IO- FT6OTJ B1 CQ DM1VN3&3 &GH
L E6 C666 BV MVT&&&J DQ GV1 GQ KQ OO1 IO- FT6OTJ B1 CQ DM1VM1VN1&1 &GH
T B6566 B6/CO 4ABBC R BX HO PN GHT&&TTJ EQ JQ P1 &GH
T C666 BO EV INJ D1 FZ N1 GVM- OT5-16- AN FVN IVN LVO PVM SVTJ G1 J1 KY1&1 N1 RY1&1& KVM- OT5-
T J6 H6 E6 D5665/TC& 3ATU C& ON TX C&OTJ EQ GQ IQ I1 M1 RQ U1 A&OV1UY1&1 B&Q
T4 C5 I6 C6 A B 2CG N BO HO JUTJ D1 EOV1U2 K1 N1
L C666 BV IVJ DZ ESWO GE &-NA-
1R D-I-R D1 &E &6/14
T66 CMT&J HO2 IO1 &GH
T C6 B65-24- A D E 2BC G& AV LO NO F&VM OU B&U D&U MH&&&TJ DQ E1UNO1R& GQ IQ J1 M1 QO1 R1 SOV1
T66 CNT&J C1 HO2 IO1 &GH
T C666 BS IYJ EG IU3- AT6N DNTJ D2Q
T C665 A AX IO FUTJ B1 C1OV1 F1 KOV1 LOV1 A-& BT3OX CHJ
T C566 DO FO KN JU EH&&TJ JR CO1 DO1 EO1
T C6 B65-24- A D E 2BC G& AV LO NO F&VM OU B&U D&U MH&&&TJ DQ E1UNO1 GQ IQ J1 M1 QO1 R1 SOV1 T
T666 1A M CVNVJ DR D& HSWQ IZ &-NA-
T666 1A M CVNVJ DR D1& HSWO IZ &-NA-
T B-18-56 C6 A 2BC D& AX CX EOV KOV QVO VO MU OU A&UTJ B1 GQH1 B&1 A-& BT3OX CHJ
T C6 B65-24- A D E 2BC G& AV LO NO F&VM OU B&U D&U MH&&&TJ DQ E1UNQ GQ IQ J1 M1 QO1 R1 SOV1 T1
T66 CO HV AUT&J D1 E1 G1 IVQ JQ
L E6 C666 BV FV CU GUTTT&J DQ EQ GVZ HQ IN1&1 MQ M1 RQ
L E6 C666 BV FV CU GUTTT&J DQ EQ GVZ HQ IN1&1 KQ MQ M1 RQ &GH
L E6 C666 BV FV CU GUTTT&J DQ EQ HQ IN1&1 MQ M1 RQ GVM1- AT6N DNTJ D2Q
L E6 C666 BV FV CU GUTTT&J DQ EQ GVZ HQ IN1&1 MQ M1 OG RQ &GH
